#-----------------------------------------------------------
# Vivado v2017.4 (64-bit)
# SW Build 2086221 on Fri Dec 15 20:55:39 MST 2017
# IP Build 2085800 on Fri Dec 15 22:25:07 MST 2017
# Start of session at: Thu Dec 19 23:18:23 2019
# Process ID: 15852
# Current directory: C:/Users/lenovo/Desktop/bram_uart_9.xpr/bram_uart_9.xpr/bram_uart
# Command line: vivado.exe -gui_launcher_event rodinguilauncherevent8460 C:\Users\lenovo\Desktop\bram_uart_9.xpr\bram_uart_9.xpr\bram_uart\bram_uart.xpr
# Log file: C:/Users/lenovo/Desktop/bram_uart_9.xpr/bram_uart_9.xpr/bram_uart/vivado.log
# Journal file: C:/Users/lenovo/Desktop/bram_uart_9.xpr/bram_uart_9.xpr/bram_uart\vivado.jou
#-----------------------------------------------------------
start_gui
open_project C:/Users/lenovo/Desktop/bram_uart_9.xpr/bram_uart_9.xpr/bram_uart/bram_uart.xpr
update_compile_order -fileset sources_1
reset_run synth_1
launch_runs synth_1 -jobs 8
wait_on_run synth_1
launch_runs impl_1 -jobs 8
wait_on_run impl_1
reset_run synth_1
launch_runs impl_1 -to_step write_bitstream -jobs 8
wait_on_run impl_1
open_hw
connect_hw_server
open_hw_target
set_property PROGRAM.FILE {C:/Users/lenovo/Desktop/bram_uart_9.xpr/bram_uart_9.xpr/bram_uart/bram_uart.runs/impl_1/UART_SDRAM.bit} [get_hw_devices xc7a100t_0]
current_hw_device [get_hw_devices xc7a100t_0]
refresh_hw_device -update_hw_probes false [lindex [get_hw_devices xc7a100t_0] 0]
set_property PROBES.FILE {} [get_hw_devices xc7a100t_0]
set_property FULL_PROBES.FILE {} [get_hw_devices xc7a100t_0]
set_property PROGRAM.FILE {C:/Users/lenovo/Desktop/bram_uart_9.xpr/bram_uart_9.xpr/bram_uart/bram_uart.runs/impl_1/UART_SDRAM.bit} [get_hw_devices xc7a100t_0]
program_hw_devices [get_hw_devices xc7a100t_0]
refresh_hw_device [lindex [get_hw_devices xc7a100t_0] 0]
reset_run synth_1
launch_runs synth_1 -jobs 8
wait_on_run synth_1
launch_runs impl_1 -jobs 8
wait_on_run impl_1
launch_runs impl_1 -to_step write_bitstream -jobs 8
wait_on_run impl_1
set_property PROBES.FILE {} [get_hw_devices xc7a100t_0]
set_property FULL_PROBES.FILE {} [get_hw_devices xc7a100t_0]
set_property PROGRAM.FILE {C:/Users/lenovo/Desktop/bram_uart_9.xpr/bram_uart_9.xpr/bram_uart/bram_uart.runs/impl_1/UART_SDRAM.bit} [get_hw_devices xc7a100t_0]
program_hw_devices [get_hw_devices xc7a100t_0]
set_property PROBES.FILE {} [get_hw_devices xc7a100t_0]
set_property FULL_PROBES.FILE {} [get_hw_devices xc7a100t_0]
set_property PROGRAM.FILE {C:/Users/lenovo/Desktop/bram_uart_9.xpr/bram_uart_9.xpr/bram_uart/bram_uart.runs/impl_1/UART_SDRAM.bit} [get_hw_devices xc7a100t_0]
program_hw_devices [get_hw_devices xc7a100t_0]
refresh_hw_device [lindex [get_hw_devices xc7a100t_0] 0]
reset_run synth_1
launch_runs synth_1 -jobs 8
wait_on_run synth_1
archive_project C:/Users/lenovo/Desktop/bram_uart.xpr.zip -temp_dir C:/Users/lenovo/Desktop/bram_uart_9.xpr/bram_uart_9.xpr/bram_uart/.Xil/Vivado-15852-LAPTOP-69NJ2TNC -force -include_runs_in_progress -include_local_ip_cache -include_config_settings
launch_runs impl_1 -jobs 8
wait_on_run impl_1
launch_runs impl_1 -to_step write_bitstream -jobs 8
wait_on_run impl_1
set_property PROBES.FILE {} [get_hw_devices xc7a100t_0]
set_property FULL_PROBES.FILE {} [get_hw_devices xc7a100t_0]
set_property PROGRAM.FILE {C:/Users/lenovo/Desktop/bram_uart_9.xpr/bram_uart_9.xpr/bram_uart/bram_uart.runs/impl_1/UART_SDRAM.bit} [get_hw_devices xc7a100t_0]
program_hw_devices [get_hw_devices xc7a100t_0]
set_property PROBES.FILE {} [get_hw_devices xc7a100t_0]
set_property FULL_PROBES.FILE {} [get_hw_devices xc7a100t_0]
set_property PROGRAM.FILE {C:/Users/lenovo/Desktop/bram_uart_9.xpr/bram_uart_9.xpr/bram_uart/bram_uart.runs/impl_1/UART_SDRAM.bit} [get_hw_devices xc7a100t_0]
program_hw_devices [get_hw_devices xc7a100t_0]
refresh_hw_device [lindex [get_hw_devices xc7a100t_0] 0]
archive_project C:/Users/lenovo/Desktop/bram_uart.xpr.zip -temp_dir C:/Users/lenovo/Desktop/bram_uart_9.xpr/bram_uart_9.xpr/bram_uart/.Xil/Vivado-15852-LAPTOP-69NJ2TNC -force -include_local_ip_cache -include_config_settings
