Copyright 1986-2017 Xilinx, Inc. All Rights Reserved.
----------------------------------------------------------------------------------------------------------------------------------------------------
| Tool Version     : Vivado v.2017.4 (win64) Build 2086221 Fri Dec 15 20:55:39 MST 2017
| Date             : Fri Dec 20 00:16:24 2019
| Host             : LAPTOP-69NJ2TNC running 64-bit major release  (build 9200)
| Command          : report_power -file UART_SDRAM_power_routed.rpt -pb UART_SDRAM_power_summary_routed.pb -rpx UART_SDRAM_power_routed.rpx
| Design           : UART_SDRAM
| Device           : xc7a100tfgg484-1
| Design State     : routed
| Grade            : commercial
| Process          : typical
| Characterization : Production
----------------------------------------------------------------------------------------------------------------------------------------------------

Power Report

Table of Contents
-----------------
1. Summary
1.1 On-Chip Components
1.2 Power Supply Summary
1.3 Confidence Level
2. Settings
2.1 Environment
2.2 Clock Constraints
3. Detailed Reports
3.1 By Hierarchy

1. Summary
----------

+--------------------------+--------------+
| Total On-Chip Power (W)  | 22.099       |
| Design Power Budget (W)  | Unspecified* |
| Power Budget Margin (W)  | NA           |
| Dynamic (W)              | 21.804       |
| Device Static (W)        | 0.295        |
| Effective TJA (C/W)      | 2.7          |
| Max Ambient (C)          | 25.9         |
| Junction Temperature (C) | 84.1         |
| Confidence Level         | Low          |
| Setting File             | ---          |
| Simulation Activity File | ---          |
| Design Nets Matched      | NA           |
+--------------------------+--------------+
* Specify Design Power Budget using, set_operating_conditions -design_power_budget <value in Watts>


1.1 On-Chip Components
----------------------

+----------------+-----------+----------+-----------+-----------------+
| On-Chip        | Power (W) | Used     | Available | Utilization (%) |
+----------------+-----------+----------+-----------+-----------------+
| Slice Logic    |     0.775 |     1592 |       --- |             --- |
|   LUT as Logic |     0.688 |      758 |     63400 |            1.20 |
|   CARRY4       |     0.030 |       28 |     15850 |            0.18 |
|   F7/F8 Muxes  |     0.024 |      174 |     63400 |            0.27 |
|   Register     |     0.023 |      222 |    126800 |            0.18 |
|   BUFG         |     0.009 |        2 |        32 |            6.25 |
|   Others       |     0.000 |      358 |       --- |             --- |
| Signals        |     1.651 |     1816 |       --- |             --- |
| Block RAM      |     0.792 |      135 |       135 |          100.00 |
| DSPs           |     0.198 |        4 |       240 |            1.67 |
| I/O            |    18.388 |       34 |       285 |           11.93 |
| Static Power   |     0.295 |          |           |                 |
| Total          |    22.099 |          |           |                 |
+----------------+-----------+----------+-----------+-----------------+


1.2 Power Supply Summary
------------------------

+-----------+-------------+-----------+-------------+------------+
| Source    | Voltage (V) | Total (A) | Dynamic (A) | Static (A) |
+-----------+-------------+-----------+-------------+------------+
| Vccint    |       1.000 |     3.522 |       3.359 |      0.163 |
| Vccaux    |       1.800 |     0.709 |       0.673 |      0.035 |
| Vcco33    |       3.300 |     5.205 |       5.201 |      0.004 |
| Vcco25    |       2.500 |     0.000 |       0.000 |      0.000 |
| Vcco18    |       1.800 |     0.000 |       0.000 |      0.000 |
| Vcco15    |       1.500 |     0.000 |       0.000 |      0.000 |
| Vcco135   |       1.350 |     0.000 |       0.000 |      0.000 |
| Vcco12    |       1.200 |     0.000 |       0.000 |      0.000 |
| Vccaux_io |       1.800 |     0.000 |       0.000 |      0.000 |
| Vccbram   |       1.000 |     0.088 |       0.069 |      0.018 |
| MGTAVcc   |       1.000 |     0.000 |       0.000 |      0.000 |
| MGTAVtt   |       1.200 |     0.000 |       0.000 |      0.000 |
| Vccadc    |       1.800 |     0.020 |       0.000 |      0.020 |
+-----------+-------------+-----------+-------------+------------+


1.3 Confidence Level
--------------------

+-----------------------------+------------+--------------------------------------------------------+--------------------------------------------------------------------------------------------------------------------+
| User Input Data             | Confidence | Details                                                | Action                                                                                                             |
+-----------------------------+------------+--------------------------------------------------------+--------------------------------------------------------------------------------------------------------------------+
| Design implementation state | High       | Design is routed                                       |                                                                                                                    |
| Clock nodes activity        | Low        | User specified less than 75% of clocks                 | Provide missing clock activity with a constraint file, simulation results or by editing the "By Clock Domain" view |
| I/O nodes activity          | Low        | More than 75% of inputs are missing user specification | Provide missing input activity with simulation results or by editing the "By Resource Type -> I/Os" view           |
| Internal nodes activity     | Medium     | User specified less than 25% of internal nodes         | Provide missing internal nodes activity with simulation results or by editing the "By Resource Type" views         |
| Device models               | High       | Device models are Production                           |                                                                                                                    |
|                             |            |                                                        |                                                                                                                    |
| Overall confidence level    | Low        |                                                        |                                                                                                                    |
+-----------------------------+------------+--------------------------------------------------------+--------------------------------------------------------------------------------------------------------------------+


2. Settings
-----------

2.1 Environment
---------------

+-----------------------+--------------------------+
| Ambient Temp (C)      | 25.0                     |
| ThetaJA (C/W)         | 2.7                      |
| Airflow (LFM)         | 250                      |
| Heat Sink             | medium (Medium Profile)  |
| ThetaSA (C/W)         | 4.6                      |
| Board Selection       | medium (10"x10")         |
| # of Board Layers     | 12to15 (12 to 15 Layers) |
| Board Temperature (C) | 25.0                     |
+-----------------------+--------------------------+


2.2 Clock Constraints
---------------------

+-------+--------+-----------------+
| Clock | Domain | Constraint (ns) |
+-------+--------+-----------------+


3. Detailed Reports
-------------------

3.1 By Hierarchy
----------------

+----------------------------------------------+-----------+
| Name                                         | Power (W) |
+----------------------------------------------+-----------+
| UART_SDRAM                                   |    21.804 |
|   blk_r_a                                    |     1.465 |
|     U0                                       |     1.465 |
|       inst_blk_mem_gen                       |     1.465 |
|         gnbram.gnativebmg.native_blk_mem_gen |     1.465 |
|           valid.cstr                         |     1.465 |
|             has_mux_a.A                      |     0.513 |
|             ramloop[0].ram.r                 |     0.233 |
|               prim_noinit.ram                |     0.233 |
|             ramloop[100].ram.r               |    <0.001 |
|               prim_noinit.ram                |    <0.001 |
|             ramloop[101].ram.r               |    <0.001 |
|               prim_noinit.ram                |    <0.001 |
|             ramloop[102].ram.r               |    <0.001 |
|               prim_noinit.ram                |    <0.001 |
|             ramloop[103].ram.r               |    <0.001 |
|               prim_noinit.ram                |    <0.001 |
|             ramloop[104].ram.r               |    <0.001 |
|               prim_noinit.ram                |    <0.001 |
|             ramloop[105].ram.r               |    <0.001 |
|               prim_noinit.ram                |    <0.001 |
|             ramloop[106].ram.r               |    <0.001 |
|               prim_noinit.ram                |    <0.001 |
|             ramloop[107].ram.r               |    <0.001 |
|               prim_noinit.ram                |    <0.001 |
|             ramloop[108].ram.r               |    <0.001 |
|               prim_noinit.ram                |    <0.001 |
|             ramloop[109].ram.r               |    <0.001 |
|               prim_noinit.ram                |    <0.001 |
|             ramloop[10].ram.r                |    <0.001 |
|               prim_noinit.ram                |    <0.001 |
|             ramloop[110].ram.r               |    <0.001 |
|               prim_noinit.ram                |    <0.001 |
|             ramloop[111].ram.r               |    <0.001 |
|               prim_noinit.ram                |    <0.001 |
|             ramloop[112].ram.r               |    <0.001 |
|               prim_noinit.ram                |    <0.001 |
|             ramloop[113].ram.r               |    <0.001 |
|               prim_noinit.ram                |    <0.001 |
|             ramloop[114].ram.r               |    <0.001 |
|               prim_noinit.ram                |    <0.001 |
|             ramloop[115].ram.r               |    <0.001 |
|               prim_noinit.ram                |    <0.001 |
|             ramloop[116].ram.r               |    <0.001 |
|               prim_noinit.ram                |    <0.001 |
|             ramloop[117].ram.r               |    <0.001 |
|               prim_noinit.ram                |    <0.001 |
|             ramloop[11].ram.r                |     0.005 |
|               prim_noinit.ram                |     0.005 |
|             ramloop[12].ram.r                |    <0.001 |
|               prim_noinit.ram                |    <0.001 |
|             ramloop[13].ram.r                |    <0.001 |
|               prim_noinit.ram                |    <0.001 |
|             ramloop[14].ram.r                |     0.222 |
|               prim_noinit.ram                |     0.222 |
|             ramloop[15].ram.r                |     0.004 |
|               prim_noinit.ram                |     0.004 |
|             ramloop[16].ram.r                |     0.004 |
|               prim_noinit.ram                |     0.004 |
|             ramloop[17].ram.r                |    <0.001 |
|               prim_noinit.ram                |    <0.001 |
|             ramloop[18].ram.r                |     0.004 |
|               prim_noinit.ram                |     0.004 |
|             ramloop[19].ram.r                |    <0.001 |
|               prim_noinit.ram                |    <0.001 |
|             ramloop[1].ram.r                 |     0.005 |
|               prim_noinit.ram                |     0.005 |
|             ramloop[20].ram.r                |     0.180 |
|               prim_noinit.ram                |     0.180 |
|             ramloop[21].ram.r                |     0.005 |
|               prim_noinit.ram                |     0.005 |
|             ramloop[22].ram.r                |     0.005 |
|               prim_noinit.ram                |     0.005 |
|             ramloop[23].ram.r                |    <0.001 |
|               prim_noinit.ram                |    <0.001 |
|             ramloop[24].ram.r                |     0.003 |
|               prim_noinit.ram                |     0.003 |
|             ramloop[25].ram.r                |    <0.001 |
|               prim_noinit.ram                |    <0.001 |
|             ramloop[26].ram.r                |    <0.001 |
|               prim_noinit.ram                |    <0.001 |
|             ramloop[27].ram.r                |    <0.001 |
|               prim_noinit.ram                |    <0.001 |
|             ramloop[28].ram.r                |     0.002 |
|               prim_noinit.ram                |     0.002 |
|             ramloop[29].ram.r                |    <0.001 |
|               prim_noinit.ram                |    <0.001 |
|             ramloop[2].ram.r                 |     0.004 |
|               prim_noinit.ram                |     0.004 |
|             ramloop[30].ram.r                |    <0.001 |
|               prim_noinit.ram                |    <0.001 |
|             ramloop[31].ram.r                |    <0.001 |
|               prim_noinit.ram                |    <0.001 |
|             ramloop[32].ram.r                |    <0.001 |
|               prim_noinit.ram                |    <0.001 |
|             ramloop[33].ram.r                |    <0.001 |
|               prim_noinit.ram                |    <0.001 |
|             ramloop[34].ram.r                |    <0.001 |
|               prim_noinit.ram                |    <0.001 |
|             ramloop[35].ram.r                |    <0.001 |
|               prim_noinit.ram                |    <0.001 |
|             ramloop[36].ram.r                |     0.002 |
|               prim_noinit.ram                |     0.002 |
|             ramloop[37].ram.r                |    <0.001 |
|               prim_noinit.ram                |    <0.001 |
|             ramloop[38].ram.r                |    <0.001 |
|               prim_noinit.ram                |    <0.001 |
|             ramloop[39].ram.r                |    <0.001 |
|               prim_noinit.ram                |    <0.001 |
|             ramloop[3].ram.r                 |    <0.001 |
|               prim_noinit.ram                |    <0.001 |
|             ramloop[40].ram.r                |    <0.001 |
|               prim_noinit.ram                |    <0.001 |
|             ramloop[41].ram.r                |    <0.001 |
|               prim_noinit.ram                |    <0.001 |
|             ramloop[42].ram.r                |    <0.001 |
|               prim_noinit.ram                |    <0.001 |
|             ramloop[43].ram.r                |    <0.001 |
|               prim_noinit.ram                |    <0.001 |
|             ramloop[44].ram.r                |    <0.001 |
|               prim_noinit.ram                |    <0.001 |
|             ramloop[45].ram.r                |    <0.001 |
|               prim_noinit.ram                |    <0.001 |
|             ramloop[46].ram.r                |    <0.001 |
|               prim_noinit.ram                |    <0.001 |
|             ramloop[47].ram.r                |    <0.001 |
|               prim_noinit.ram                |    <0.001 |
|             ramloop[48].ram.r                |    <0.001 |
|               prim_noinit.ram                |    <0.001 |
|             ramloop[49].ram.r                |    <0.001 |
|               prim_noinit.ram                |    <0.001 |
|             ramloop[4].ram.r                 |     0.004 |
|               prim_noinit.ram                |     0.004 |
|             ramloop[50].ram.r                |    <0.001 |
|               prim_noinit.ram                |    <0.001 |
|             ramloop[51].ram.r                |    <0.001 |
|               prim_noinit.ram                |    <0.001 |
|             ramloop[52].ram.r                |     0.002 |
|               prim_noinit.ram                |     0.002 |
|             ramloop[53].ram.r                |    <0.001 |
|               prim_noinit.ram                |    <0.001 |
|             ramloop[54].ram.r                |    <0.001 |
|               prim_noinit.ram                |    <0.001 |
|             ramloop[55].ram.r                |    <0.001 |
|               prim_noinit.ram                |    <0.001 |
|             ramloop[56].ram.r                |    <0.001 |
|               prim_noinit.ram                |    <0.001 |
|             ramloop[57].ram.r                |    <0.001 |
|               prim_noinit.ram                |    <0.001 |
|             ramloop[58].ram.r                |    <0.001 |
|               prim_noinit.ram                |    <0.001 |
|             ramloop[59].ram.r                |    <0.001 |
|               prim_noinit.ram                |    <0.001 |
|             ramloop[5].ram.r                 |    <0.001 |
|               prim_noinit.ram                |    <0.001 |
|             ramloop[60].ram.r                |    <0.001 |
|               prim_noinit.ram                |    <0.001 |
|             ramloop[61].ram.r                |    <0.001 |
|               prim_noinit.ram                |    <0.001 |
|             ramloop[62].ram.r                |    <0.001 |
|               prim_noinit.ram                |    <0.001 |
|             ramloop[63].ram.r                |    <0.001 |
|               prim_noinit.ram                |    <0.001 |
|             ramloop[64].ram.r                |    <0.001 |
|               prim_noinit.ram                |    <0.001 |
|             ramloop[65].ram.r                |    <0.001 |
|               prim_noinit.ram                |    <0.001 |
|             ramloop[66].ram.r                |    <0.001 |
|               prim_noinit.ram                |    <0.001 |
|             ramloop[67].ram.r                |    <0.001 |
|               prim_noinit.ram                |    <0.001 |
|             ramloop[68].ram.r                |    <0.001 |
|               prim_noinit.ram                |    <0.001 |
|             ramloop[69].ram.r                |    <0.001 |
|               prim_noinit.ram                |    <0.001 |
|             ramloop[6].ram.r                 |    <0.001 |
|               prim_noinit.ram                |    <0.001 |
|             ramloop[70].ram.r                |    <0.001 |
|               prim_noinit.ram                |    <0.001 |
|             ramloop[71].ram.r                |    <0.001 |
|               prim_noinit.ram                |    <0.001 |
|             ramloop[72].ram.r                |    <0.001 |
|               prim_noinit.ram                |    <0.001 |
|             ramloop[73].ram.r                |    <0.001 |
|               prim_noinit.ram                |    <0.001 |
|             ramloop[74].ram.r                |    <0.001 |
|               prim_noinit.ram                |    <0.001 |
|             ramloop[75].ram.r                |    <0.001 |
|               prim_noinit.ram                |    <0.001 |
|             ramloop[76].ram.r                |    <0.001 |
|               prim_noinit.ram                |    <0.001 |
|             ramloop[77].ram.r                |    <0.001 |
|               prim_noinit.ram                |    <0.001 |
|             ramloop[78].ram.r                |    <0.001 |
|               prim_noinit.ram                |    <0.001 |
|             ramloop[79].ram.r                |    <0.001 |
|               prim_noinit.ram                |    <0.001 |
|             ramloop[7].ram.r                 |     0.235 |
|               prim_noinit.ram                |     0.235 |
|             ramloop[80].ram.r                |    <0.001 |
|               prim_noinit.ram                |    <0.001 |
|             ramloop[81].ram.r                |    <0.001 |
|               prim_noinit.ram                |    <0.001 |
|             ramloop[82].ram.r                |    <0.001 |
|               prim_noinit.ram                |    <0.001 |
|             ramloop[83].ram.r                |    <0.001 |
|               prim_noinit.ram                |    <0.001 |
|             ramloop[84].ram.r                |     0.002 |
|               prim_noinit.ram                |     0.002 |
|             ramloop[85].ram.r                |    <0.001 |
|               prim_noinit.ram                |    <0.001 |
|             ramloop[86].ram.r                |    <0.001 |
|               prim_noinit.ram                |    <0.001 |
|             ramloop[87].ram.r                |    <0.001 |
|               prim_noinit.ram                |    <0.001 |
|             ramloop[88].ram.r                |    <0.001 |
|               prim_noinit.ram                |    <0.001 |
|             ramloop[89].ram.r                |    <0.001 |
|               prim_noinit.ram                |    <0.001 |
|             ramloop[8].ram.r                 |     0.006 |
|               prim_noinit.ram                |     0.006 |
|             ramloop[90].ram.r                |    <0.001 |
|               prim_noinit.ram                |    <0.001 |
|             ramloop[91].ram.r                |    <0.001 |
|               prim_noinit.ram                |    <0.001 |
|             ramloop[92].ram.r                |    <0.001 |
|               prim_noinit.ram                |    <0.001 |
|             ramloop[93].ram.r                |    <0.001 |
|               prim_noinit.ram                |    <0.001 |
|             ramloop[94].ram.r                |    <0.001 |
|               prim_noinit.ram                |    <0.001 |
|             ramloop[95].ram.r                |    <0.001 |
|               prim_noinit.ram                |    <0.001 |
|             ramloop[96].ram.r                |    <0.001 |
|               prim_noinit.ram                |    <0.001 |
|             ramloop[97].ram.r                |    <0.001 |
|               prim_noinit.ram                |    <0.001 |
|             ramloop[98].ram.r                |    <0.001 |
|               prim_noinit.ram                |    <0.001 |
|             ramloop[99].ram.r                |    <0.001 |
|               prim_noinit.ram                |    <0.001 |
|             ramloop[9].ram.r                 |     0.005 |
|               prim_noinit.ram                |     0.005 |
|   ii                                         |     0.240 |
|   u                                          |     0.072 |
|   uart_accept                                |     0.648 |
|   uart_read                                  |     0.573 |
+----------------------------------------------+-----------+


